python : 2025-04-02 11:11:16,361 - root - WARNING - PyAudio not available. Real-time audio 
processing will be limited.
At line:1 char:1
+ python test_audio_imports.py > test_output.txt 2>&1
+ ~~~~~~~~~~~~~~~~~~~~~~~~~~~~~~~~~~~~~~~~~~~~~~~~~~~
    + CategoryInfo          : NotSpecified: (2025-04-02 11:1...ill be limited.:String) [], RemoteE 
   xception
    + FullyQualifiedErrorId : NativeCommandError
 
2025-04-02 11:11:16,361 - root - WARNING - Essentia not available. Advanced audio analysis 
features will be limited.
2025-04-02 11:11:16,362 - root - WARNING - Madmom not available. Advanced rhythm analysis will be 
limited.
2025-04-02 11:11:16,363 - root - WARNING - Aubio not available. Some pitch detection features will 
be limited.
2025-04-02 11:11:16,363 - root - WARNING - Mido not available. MIDI export/import will be limited.
2025-04-02 11:11:16,364 - root - WARNING - Pretty_midi not available. Advanced MIDI processing 
will be limited.
2025-04-02 11:11:16,364 - root - WARNING - Pedalboard not available. Audio effects processing will 
be limited.
2025-04-02 11:11:16,365 - root - WARNING - Music21 not available. Music theory analysis will be 
limited.
F:\newrepos\olitunes\backend\venv\Lib\site-packages\pydub\utils.py:170: RuntimeWarning: Couldn't 
find ffmpeg or avconv - defaulting to ffmpeg, but may not work
  warn("Couldn't find ffmpeg or avconv - defaulting to ffmpeg, but may not work", RuntimeWarning)
2025-04-02 11:11:16,376 - __main__ - INFO - Essentia available: False
2025-04-02 11:11:16,376 - __main__ - INFO - Testing Essentia fallback implementation...
2025-04-02 11:11:16,377 - __main__ - INFO - Generated 42 frames from audio signal
2025-04-02 11:11:16,377 - __main__ - INFO - Applied windowing to frame, shape: (2048,)
2025-04-02 11:11:16,377 - __main__ - INFO - Computed spectrum, shape: (1025,)
2025-04-02 11:11:16,377 - __main__ - INFO - Found 1 spectral peaks
2025-04-02 11:11:16,378 - __main__ - INFO - Generated HPCP profile with shape: (12,)
2025-04-02 11:11:16,382 - __main__ - INFO - Detected key: D# major
2025-04-02 11:11:16,395 - __main__ - INFO - Detected chord: Cm minor
2025-04-02 11:11:16,395 - __main__ - INFO - Essentia fallback implementation test completed 
successfully!
